../Core/Src/bench.c:27:6:bench_tick_isr	4	static
../Core/Src/bench.c:32:10:bench_micros	4	static
../Core/Src/bench.c:48:13:out_str	24	static
../Core/Src/bench.c:60:13:out	208	static
../Core/Src/bench.c:71:13:tx_pump	16	static
../Core/Src/bench.c:104:16:milli	16	static
../Core/Src/bench.c:105:16:centi	16	static
../Core/Src/bench.c:175:14:ff_duty	32	static
../Core/Src/bench.c:196:13:set_cmd_pair	24	static
../Core/Src/bench.c:218:13:all_stop	8	static
../Core/Src/bench.c:229:13:raise_fault	16	static
../Core/Src/bench.c:237:13:enter_mode	16	static
../Core/Src/bench.c:251:13:print_help	8	static
../Core/Src/bench.c:280:13:cmd_bump	16	static
../Core/Src/bench.c:287:13:handle_char	24	static
../Core/Src/bench.c:422:13:console_poll	16	static
../Core/Src/bench.c:439:13:battery_service_20hz	16	static
../Core/Src/bench.c:466:13:supervisor_200hz	24	static
../Core/Src/bench.c:506:13:seq_dircheck	40	static
../Core/Src/bench.c:552:13:seq_deadband	16	static
../Core/Src/bench.c:584:13:seq_kv	64	static
../Core/Src/bench.c:612:13:seq_fixed	40	static
../Core/Src/bench.c:624:13:seq_truthtable	24	static
../Core/Src/bench.c:669:13:output_100hz	32	static
../Core/Src/bench.c:706:13:telemetry_10hz	72	static
../Core/Src/bench.c:724:13:handturn_5hz	32	static
../Core/Src/bench.c:735:6:bench_init	24	static
../Core/Src/bench.c:762:6:bench_run	16	static
