../Core/Src/main.c:237:5:main	8	static
../Core/Src/main.c:289:6:SystemClock_Config	88	static
../Core/Src/main.c:343:13:MX_TIM1_Init	80	static
../Core/Src/main.c:420:13:MX_TIM2_Init	48	static
../Core/Src/main.c:478:13:MX_TIM3_Init	56	static
../Core/Src/main.c:527:13:MX_TIM6_Init	16	static
../Core/Src/main.c:565:13:MX_TIM8_Init	56	static
../Core/Src/main.c:615:13:MX_USART1_UART_Init	8	static
../Core/Src/main.c:648:13:MX_USART2_UART_Init	8	static
../Core/Src/main.c:681:13:MX_GPIO_Init	48	static
../Core/Src/main.c:738:14:clampf	24	static
../Core/Src/main.c:743:16:Moving	4	static
../Core/Src/main.c:751:13:PWM_Setup	16	static
../Core/Src/main.c:764:13:Wheel_SetDuty	24	static
../Core/Src/main.c:781:13:Motors_Stop	8	static
../Core/Src/main.c:791:13:Wheel_UpdateEncoder	32	static
../Core/Src/main.c:805:13:Profile_Eval	32	static
../Core/Src/main.c:826:13:Wheel_Control	40	static
../Core/Src/main.c:861:16:Wheel_Faulty	16	static
../Core/Src/main.c:872:13:Control_Tick	72	static
../Core/Src/main.c:938:6:HAL_TIM_PeriodElapsedCallback	16	static
../Core/Src/main.c:949:12:Move_Start	120	static,ignoring_inline_asm
../Core/Src/main.c:988:13:Move_Abort	8	static,ignoring_inline_asm
../Core/Src/main.c:998:13:Rx_Char	16	static
../Core/Src/main.c:1009:6:HAL_UART_RxCpltCallback	16	static
../Core/Src/main.c:1020:6:HAL_UART_ErrorCallback	16	static
../Core/Src/main.c:1029:13:Serial_Print	24	static
../Core/Src/main.c:1037:13:fmt_x10	48	static
../Core/Src/main.c:1043:13:Serial_PrintStatus	200	static
../Core/Src/main.c:1056:13:Serial_HandleCommand	104	static,ignoring_inline_asm
../Core/Src/main.c:1145:13:Car_Init	8	static
../Core/Src/main.c:1169:13:Car_Loop	200	static
../Core/Src/main.c:1219:6:Error_Handler	4	static,ignoring_inline_asm
